// Jest Snapshot v1, https://goo.gl/fbAQLP

exports[`ZaregoLogo component should render component 1`] = `
<div>
  <img
    alt="Zarego"
    className="zarego_logodefault_logo"
    onClick={null}
    src="logo.png"
  />
</div>
`;
