// Jest Snapshot v1, https://goo.gl/fbAQLP

exports[`Divider component snapshot should render component 1`] = `
<div
  className="divider__wrapper"
>
  <div
    className="divider"
    role="separator"
  />
</div>
`;
