// Jest Snapshot v1, https://goo.gl/fbAQLP

exports[`App component should render component 1`] = `
<div
  className="app"
>
  Hello world
</div>
`;
